// Jest Snapshot v1, https://goo.gl/fbAQLP

exports[`FakeSelect component should render correctly and match snapshot 1`] = `
<DocumentFragment>
  <div
    class="select-main"
    id="SelectName"
  >
    <div
      class="select-current"
    >
      Elije una opci√≥n
    </div>
  </div>
</DocumentFragment>
`;
